// Jest Snapshot v1, https://goo.gl/fbAQLP

exports[`Nav component renders navbar correctly 1`] = `
<div>
  <nav>
    <h3>
      ðŸ“¦ Shipper-Shopper ðŸ›’
    </h3>
    <ul
      class="nav-links"
    >
      <a
        href="/about"
      >
        <li
          class="nav-link"
          name="About"
        >
          About
        </li>
      </a>
      <a
        href="/"
      >
        <li
          class="nav-link"
          data-testid="nav-shop-link"
          name="Shop"
        >
          Shop
        </li>
      </a>
      <a
        href="/cart"
      >
        <li
          class="nav-link"
          data-testid="nav-cart-link"
          name="Cart"
        >
          Cart
        </li>
      </a>
    </ul>
  </nav>
</div>
`;
